#-----------------------------------------------------------
# Webtalk v2018.1 (64-bit)
# SW Build 2188600 on Wed Apr  4 18:40:38 MDT 2018
# IP Build 2185939 on Wed Apr  4 20:55:05 MDT 2018
# Start of session at: Sat May 17 00:37:51 2025
# Process ID: 16804
# Current directory: D:/Uni/2nd sem/Computer Organization and Digital Design/Nano processor/Finalised competition/Nano_processor/Nano_processor.sim/sim_1/behav/xsim
# Command line: wbtcv.exe -mode batch -source D:/Uni/2nd sem/Computer Organization and Digital Design/Nano processor/Finalised competition/Nano_processor/Nano_processor.sim/sim_1/behav/xsim/xsim.dir/TB_nanoprocessor_behav/webtalk/xsim_webtalk.tcl -notrace
# Log file: D:/Uni/2nd sem/Computer Organization and Digital Design/Nano processor/Finalised competition/Nano_processor/Nano_processor.sim/sim_1/behav/xsim/webtalk.log
# Journal file: D:/Uni/2nd sem/Computer Organization and Digital Design/Nano processor/Finalised competition/Nano_processor/Nano_processor.sim/sim_1/behav/xsim\webtalk.jou
#-----------------------------------------------------------
source D:/Uni/2nd -notrace
