#-----------------------------------------------------------
# Vivado v2018.1 (64-bit)
# SW Build 2188600 on Wed Apr  4 18:40:38 MDT 2018
# IP Build 2185939 on Wed Apr  4 20:55:05 MDT 2018
# Start of session at: Tue May 20 10:54:20 2025
# Process ID: 27204
# Current directory: D:/Uni/2nd sem/Computer Organization and Digital Design/Nano processor/Finalised competition/Nano_processor
# Command line: vivado.exe -gui_launcher_event rodinguilauncherevent25884 D:\Uni\2nd sem\Computer Organization and Digital Design\Nano processor\Finalised competition\Nano_processor\Nano_processor.xpr
# Log file: D:/Uni/2nd sem/Computer Organization and Digital Design/Nano processor/Finalised competition/Nano_processor/vivado.log
# Journal file: D:/Uni/2nd sem/Computer Organization and Digital Design/Nano processor/Finalised competition/Nano_processor\vivado.jou
#-----------------------------------------------------------
start_gui
open_project {D:/Uni/2nd sem/Computer Organization and Digital Design/Nano processor/Finalised competition/Nano_processor/Nano_processor.xpr}
update_compile_order -fileset sources_1
open_run impl_1
report_utilization -name utilization_1
reset_run synth_1
launch_runs impl_1 -jobs 2
wait_on_run impl_1
refresh_design
report_utilization -name utilization_1
reset_run synth_1
launch_runs impl_1 -jobs 2
wait_on_run impl_1
refresh_design
report_utilization -name utilization_1
reset_run synth_1
launch_runs impl_1 -jobs 2
wait_on_run impl_1
add_files -norecurse {{D:/Uni/2nd sem/Computer Organization and Digital Design/Nano processor/Finalised competition/Nano_processor/Nano_processor.srcs/sources_1/new/Decoder_2_to_4.vhd}}
update_compile_order -fileset sources_1
reset_run synth_1
launch_runs impl_1 -jobs 2
wait_on_run impl_1
refresh_design
report_utilization -name utilization_1
reset_run synth_1
launch_runs impl_1 -jobs 2
wait_on_run impl_1
refresh_design
report_utilization -name utilization_1
reset_run synth_1
launch_runs impl_1 -jobs 2
wait_on_run impl_1
refresh_design
report_utilization -name utilization_1
update_compile_order -fileset sources_1
reset_run synth_1
launch_runs impl_1 -jobs 2
wait_on_run impl_1
refresh_design
report_utilization -name utilization_1
